// Jest Snapshot v1, https://goo.gl/fbAQLP

exports[`Info Popover Component snapshot 1`] = `undefined`;
