// Jest Snapshot v1, https://goo.gl/fbAQLP

exports[`CTA component snapshots 1`] = `
<PageBanner>
  <span>
    <FormattedMessage
      defaultMessage="Thanks for using the new ORA staff grading experience. We'd love to hear your feedback"
      description="Thank user for using ora and ask for feed back"
      id="ora-grading.CTA.feedbackMessage"
    />
    Â 
    <Hyperlink
      destination="https://docs.google.com/forms/d/1Hu1rgJcCHl5_EtDb5Up3hiZ40sSUtkZQfRHJ3fWOvfQ/edit"
      isInline={true}
      showLaunchIcon={false}
      target="_blank"
      variant="muted"
    >
      <FormattedMessage
        defaultMessage="here"
        description="placeholder for the feedback anchor link"
        id="ora-grading.CTA.linkMessage"
      />
    </Hyperlink>
    .
  </span>
</PageBanner>
`;
