// Jest Snapshot v1, https://goo.gl/fbAQLP

exports[`File Preview Card component snapshot 1`] = `undefined`;
