// Jest Snapshot v1, https://goo.gl/fbAQLP

exports[`Image Renderer Component snapshot 1`] = `
<img
  alt=""
  className="image-renderer"
  src="some_url.jpg"
/>
`;
