// Jest Snapshot v1, https://goo.gl/fbAQLP

exports[`ReviewModal component component snapshots closed 1`] = `undefined`;

exports[`ReviewModal component component snapshots loading 1`] = `undefined`;

exports[`ReviewModal component component snapshots success 1`] = `undefined`;
