// Jest Snapshot v1, https://goo.gl/fbAQLP

exports[`ListError component component render tests snapshot 1`] = `undefined`;
