// Jest Snapshot v1, https://goo.gl/fbAQLP

exports[`Radio Criterion Container snapshot is grading 1`] = `undefined`;

exports[`Radio Criterion Container snapshot is not grading 1`] = `undefined`;

exports[`Radio Criterion Container snapshot radio contain invalid response 1`] = `undefined`;
