// Jest Snapshot v1, https://goo.gl/fbAQLP

exports[`Review Crition Container snapshot 1`] = `undefined`;
