// Jest Snapshot v1, https://goo.gl/fbAQLP

exports[`FilePopoverCell component snapshot 1`] = `
<InfoPopover>
  <div
    className="help-popover-option"
  >
    <strong>
      <FormattedMessage
        defaultMessage="File Name"
        description="Popover title for file name"
        id="ora-grading.ResponseDisplay.FilePopoverCell.filePopoverNameTitle"
      />
    </strong>
    <br />
    some file name
  </div>
  <div
    className="help-popover-option"
  >
    <strong>
      <FormattedMessage
        defaultMessage="File Description"
        description="Popover title for file description"
        id="ora-grading.ResponseDisplay.FilePopoverCell.filePopoverDescriptionTitle"
      />
    </strong>
    <br />
    long descriptive text...
  </div>
</InfoPopover>
`;
