// Jest Snapshot v1, https://goo.gl/fbAQLP

exports[`StopGradingConfirmModal snapshot: closed 1`] = `undefined`;

exports[`StopGradingConfirmModal snapshot: open 1`] = `undefined`;

exports[`StopGradingConfirmModal snapshot: open, isOverride 1`] = `undefined`;
