// Jest Snapshot v1, https://goo.gl/fbAQLP

exports[`Error Banner component snapshot 1`] = `undefined`;
