// Jest Snapshot v1, https://goo.gl/fbAQLP

exports[`PDF Renderer Component snapshot 1`] = `
<div
  className="pdf-renderer"
>
  <Document
    error="Failed to load PDF file."
    file="some_url.pdf"
    loading="Loading PDFâ€¦"
    noData="No PDF file specified."
    onLoadError={[MockFunction onDocumentLoadError]}
    onLoadSuccess={[MockFunction onDocumentLoadSuccess]}
    onPassword={[Function]}
  >
    <div
      className="page-wrapper"
      style={
        Object {
          "height": 0,
        }
      }
    >
      <ForwardRef(Page)
        onLoadSuccess={[MockFunction onLoadPageSuccess]}
        pageNumber={1}
      />
    </div>
  </Document>
  <ActionRow
    className="d-flex justify-content-center m-0"
  >
    <IconButton
      alt="previous pdf page"
      disabled={true}
      iconAs="Icon"
      onClick={[MockFunction onPrevPageButtonClick]}
      size="inline"
      src={[MockFunction icons.ChevronLeft]}
    />
    <Form.Group
      className="d-flex align-items-center m-0"
    >
      <Form.Label
        isInline={true}
      >
        Page 
      </Form.Label>
      <Form.Control
        max={1}
        min={0}
        onChange={[MockFunction onInputPageChange]}
        type="number"
        value={1}
      />
      <Form.Label
        isInline={true}
      >
         of 
        1
      </Form.Label>
    </Form.Group>
    <IconButton
      alt="next pdf page"
      disabled={true}
      iconAs="Icon"
      onClick={[MockFunction onNextPageButtonClick]}
      size="inline"
      src={[MockFunction icons.ChevronRight]}
    />
  </ActionRow>
</div>
`;
