// Jest Snapshot v1, https://goo.gl/fbAQLP

exports[`PDF Renderer Component snapshots first page, prev is disabled 1`] = `undefined`;

exports[`PDF Renderer Component snapshots on last page, next is disabled 1`] = `undefined`;
