// Jest Snapshot v1, https://goo.gl/fbAQLP

exports[`TXY Renderer Component snapshot 1`] = `
<pre
  className="txt-renderer"
>
  Content of some_url.txt
</pre>
`;
